python : <frozen 
importlib._bootstrap>:491: 
Warning: Numpy built with 
MINGW-W64 on Windows 64 
bits is experimental, and 
only available for 
At line:1 char:1
+ python test_smoke.py > 
test_output.txt 2>&1; type 
test_output.txt
+ ~~~~~~~~~~~~~~~~~~~~~~~~~
~~~~~~~~~~~~~~~~~~
    + CategoryInfo         
     : NotSpecified: (<fr  
  ozen importl... availa   
 ble for :String) [], R    
emoteException
    + FullyQualifiedErrorI 
   d : NativeCommandError
 
testing. You are advised 
not to use it for 
production. 

CRASHES ARE TO BE EXPECTED 
- PLEASE REPORT THEM TO 
NUMPY DEVELOPERS
C:\Users\Vaibhav\AppData\Ro
aming\Python\Python314\site
-packages\numpy\core\getlim
its.py:225: 
RuntimeWarning: invalid 
value encountered in exp2
  epsneg_f128 = 
exp2(ld(-113))
C:\Users\Vaibhav\AppData\Ro
aming\Python\Python314\site
-packages\numpy\core\getlim
its.py:226: 
RuntimeWarning: invalid 
value encountered in exp2
  tiny_f128 = 
exp2(ld(-16382))
C:\Users\Vaibhav\AppData\Ro
aming\Python\Python314\site
-packages\numpy\core\getlim
its.py:240: 
RuntimeWarning: invalid 
value encountered in exp2
  eps=exp2(ld(-112)),
C:\Users\Vaibhav\AppData\Ro
aming\Python\Python314\site
-packages\numpy\core\getlim
its.py:41: RuntimeWarning: 
invalid value encountered 
in nextafter
  self._smallest_subnormal 
= nextafter(
C:\Users\Vaibhav\AppData\Ro
aming\Python\Python314\site
-packages\numpy\core\getlim
its.py:52: RuntimeWarning: 
invalid value encountered 
in log10
  self.precision = 
int(-log10(self.eps))
C:\Users\Vaibhav\AppData\Ro
aming\Python\Python314\site
-packages\numpy\core\getlim
its.py:250: 
RuntimeWarning: invalid 
value encountered in exp2
  epsneg_f80 = 
exp2(ld(-64))
C:\Users\Vaibhav\AppData\Ro
aming\Python\Python314\site
-packages\numpy\core\getlim
its.py:251: 
RuntimeWarning: invalid 
value encountered in exp2
  tiny_f80 = 
exp2(ld(-16382))
C:\Users\Vaibhav\AppData\Ro
aming\Python\Python314\site
-packages\numpy\core\getlim
its.py:265: 
RuntimeWarning: invalid 
value encountered in exp2
  eps=exp2(ld(-63)),
C:\Users\Vaibhav\AppData\Ro
aming\Python\Python314\site
-packages\numpy\core\getlim
its.py:277: 
RuntimeWarning: invalid 
value encountered in 
nextafter
  huge_dd = 
nextafter(ld(inf), ld(0), 
dtype=ld)
C:\Users\Vaibhav\AppData\Ro
aming\Python\Python314\site
-packages\numpy\core\getlim
its.py:293: 
RuntimeWarning: invalid 
value encountered in exp2
  eps=exp2(ld(-105)),
C:\Users\Vaibhav\AppData\Ro
aming\Python\Python314\site
-packages\numpy\core\getlim
its.py:294: 
RuntimeWarning: invalid 
value encountered in exp2
  epsneg=exp2(ld(-106)),
C:\Users\Vaibhav\Desktop\LL
M-PROJECT\config.py:80: 
FutureWarning: 

All support for the 
`google.generativeai` 
package has ended. It will 
no longer be receiving 
updates or bug fixes. 
Please switch to the 
`google.genai` package as 
soon as possible.
See README for more 
details:

https://github.com/google-g
emini/deprecated-generative
-ai-python/blob/main/README
.md

  import 
google.generativeai as 
genai
19:46:14 | trademind       
     | WARNING | LLM 
provider failed: 429 You 
exceeded your current 
quota, please check your 
plan and billing details. 
For more information on 
this error, head to: https:
//ai.google.dev/gemini-api/
docs/rate-limits. To 
monitor your current 
usage, head to: 
https://ai.dev/rate-limit. 
* Quota exceeded for 
metric: generativelanguage.
googleapis.com/generate_con
tent_free_tier_input_token_
count, limit: 0, model: 
gemini-2.0-flash
* Quota exceeded for 
metric: generativelanguage.
googleapis.com/generate_con
tent_free_tier_requests, 
limit: 0, model: 
gemini-2.0-flash
* Quota exceeded for 
metric: generativelanguage.
googleapis.com/generate_con
tent_free_tier_requests, 
limit: 0, model: 
gemini-2.0-flash
Please retry in 
45.881329994s. [links {
  description: "Learn more 
about Gemini API quotas"
  url: "https://ai.google.d
ev/gemini-api/docs/rate-lim
its"
}
, violations {
  quota_metric: "generative
language.googleapis.com/gen
erate_content_free_tier_inp
ut_token_count"
  quota_id: "GenerateConten
tInputTokensPerModelPerMinu
te-FreeTier"
  quota_dimensions {
    key: "model"
    value: 
"gemini-2.0-flash"
  }
  quota_dimensions {
    key: "location"
    value: "global"
  }
}
violations {
  quota_metric: "generative
language.googleapis.com/gen
erate_content_free_tier_req
uests"
  quota_id: "GenerateReques
tsPerMinutePerProjectPerMod
el-FreeTier"
  quota_dimensions {
    key: "model"
    value: 
"gemini-2.0-flash"
  }
  quota_dimensions {
    key: "location"
    value: "global"
  }
}
violations {
  quota_metric: "generative
language.googleapis.com/gen
erate_content_free_tier_req
uests"
  quota_id: "GenerateReques
tsPerDayPerProjectPerModel-
FreeTier"
  quota_dimensions {
    key: "model"
    value: 
"gemini-2.0-flash"
  }
  quota_dimensions {
    key: "location"
    value: "global"
  }
}
, retry_delay {
  seconds: 45
}
]. Trying next...
=== Testing Tools ===
Company: Apple Inc. | Price: $260.48
OHLCV: 124 rows
RSI: 55.65 | MACD: Bullish | Overall: Hold
News articles: 20

=== Testing Embedder ===
Embeddings shape: (2, 768)

=== Testing LLM ===
LLM response: TradeMind works

=== ALL TESTS PASSED ===
